# links.lst per METAOPAC
#
# definisce su quali tag costruire i link
# il link viene costruito a partire dal valore del tag sostituendo gli spazi con +
#
# Formato:
#			source:tag,url,class
#
# source è l'host da cui vengono i dati
# tag è il tag sul quale operare la creazione di un link
# url è un pezzo di url get che viene anteposto al link creato
# class è una classe da chiamare per la creazione del link
# 
# nell'url posso indicare (case-sensitive):
#	%xxxx% 		xxxx e' qualsiasi tag che passa nel xml
#	%TAG%  		il tag che è stato intercettato
#	%VALUE% 	il valore del tag
#
#	tag dell'xml che possono interessare:
#	source: l'host sorgente dei dati [metaopac]
#	type:	il tipo di dati (unimarc,...) [metaopac]
#	syntax:	la sintassi dei dati (sebina, sosebi, SBNUnix,....) [metaopac]
#	id:		l'identificativo del record
#	bid:	eventuale altro identificativo del record
#
#	se nel record ci sono tag multipli viene preso l'ultimo.


# paramSearch
libraryId,http://erl.units.it/cgi-bin/catalogo/immagine?/catalogo/1/%VALUE%,JSites.linkParsers.DefaultParser
bid,http://illiricus.units.it:8080/schedine/dettaglio_univ.jsp?ID=%VALUE%,JSites.linkParsers.DefaultParser
author,paramSearch(1)?cocoon-view=xhtml&C1=AUT&R1=%VALUE%,JSites.linkParsers.DefaultParser

# metaSearch
#illiricus.units.it:libraryId,http://erl.units.it/cgi-bin/catalogo/immagine?/catalogo/1/%VALUE%,JSites.linkParsers.DefaultParser
#z3950.izum.si:ISBD,http://cobiss2.izum.si/scripts/cobiss?command=DISPLAY&base=50500&dep=00&rid=%id%&lani=EN,JSites.linkParsers.DefaultParser

