a
about
ad
agli
ai
al
all
alla
alle
allo
also
altra
altre
altresi
altri
altro
an
and
any
are
as
at
b
be
bearbeitet
c
c1974
c1980
c1991
camerino
can
cannot
ce
cedam
che
chen
chi
ci
cio
cioe
cnen
coi
col
cola
colei
colui
come
con
cone
cont
copie
cosa
cui
d
da
dagli
dai
dal
dall
dalla
dalle
dallo
das
de
degli
dei
del
dell
della
delle
dello
der
des
di
did
do
does
donde
done
dopo
dove
dr
du
due
dunque
e
ed
editions
ediz
edizione
edizioni
egli
einer
either
ella
else
en
es
essa
esse
essi
esso
estr
et
etc
ex
f
fa
fin
finn
fino
firenze
for
fra
from
fuori
fur
g
gave
geistes
gets
gia
giu
gli
got
h
ha
had
has
have
here
how
i
ieri
if
il
im
in
indi
into
inv
inven
inventar
io
is
isbn
isedi
isti
it
its
ivi
j
ja
k
l
la
larte
le
lei
les
li
lo
los
ltd
lui
lxxi
lxxviii
m
ma
made
mai
make
maps
me
mi
mia
mie
miei
mio
misc
miscellanea
n
narrative
nauk
ne
negli
nei
nel
nell
nella
nelle
nello
new
no
noi
non
none
nor
not
now
nulla
o
od
of
often
ofver
ogni
olim
on
onde
only
or
ora
ossia
other
ought
our
out
ove
p
pag
pagg
pagina
pagine
para
past
per
pere
piu
poi
press
q
qua
quei
quella
quelle
quelli
quello
questa
queste
questi
questo
qui
quindi
quivi
r
repr
riet
ripr
s
same
sansoni
scheiwiller
se
si
sia
so
some
sono
soon
sous
spa
st
stati
stica
su
sua
such
sue
sugli
sui
sul
sull
sulla
sulle
sullo
suo
suoi
sur
t
tale
tali
taro
tavv
te
than
that
the
their
theirs
them
then
there
therefore
these
they
this
those
though
through
ti
to
tomi
tomo
too
tra
trad
tu
tua
tue
tuo
tuoi
tutta
tutti
tutto
tutu
u
uber
un
una
und
universitaria
up
upon
use
used
utet
v
ve
veruno
very
vi
viii
vo
voi
vor
w
was
what
when
where
whether
which
while
whose
why
will
with
within
x
xiii
xl
xlix
xlviii
xviii
xxii
xxiii
xxiv
xxxvii
y
yet
york
z
za
zani
zu
zum
zur
